// Jest Snapshot v1, https://goo.gl/fbAQLP

exports[`users list users wildcard 1`] = `
Array [
  Object {
    "account_number": "demo",
    "created_by": "demoUser",
    "playbook_count": "4",
  },
  Object {
    "account_number": "testReadSingle",
    "created_by": "testReadSingleUser",
    "playbook_count": "5",
  },
  Object {
    "account_number": "testStatus",
    "created_by": "testStatus",
    "playbook_count": "1",
  },
  Object {
    "account_number": "testWrite",
    "created_by": "testWriteUser",
    "playbook_count": "9",
  },
  Object {
    "account_number": "test",
    "created_by": "tuser@redhat.com",
    "playbook_count": "5",
  },
]
`;
