// Jest Snapshot v1, https://goo.gl/fbAQLP

exports[`generates a simple playbook with multiple compliance remediation 1`] = `
"---
# Problem known as no_empty_passwords
# Identifier: (compliance:no_empty_passwords,fix)
# Version: unknown
- name: fix no_empty_passwords
  hosts: 'a8799a02-8be9-11e8-9eb6-529269fb1459.example.com'
  become: true
  tasks:
    - name: Prevent Log In to Accounts With Empty Password - system-auth
      replace:
        dest: /etc/pam.d/system-auth
        follow: 'yes'
        regexp: nullok
    - name: Prevent Log In to Accounts With Empty Password - password-auth
      replace:
        dest: /etc/pam.d/password-auth
        follow: 'yes'
        regexp: nullok

# Problem known as bootloader_audit_argument
# Identifier: (compliance:bootloader_audit_argument,fix)
# Version: unknown
- name: fix bootloader_audit_argument
  hosts: 'a8799a02-8be9-11e8-9eb6-529269fb1459.example.com'
  become: true
  tasks:
    - name: Enable Auditing for Processes Which Start Prior to the Audit Daemon
      shell: /sbin/grubby --update-kernel=ALL --args=\\"audit=1\\"

# Reboots a system if any of the preceeding plays sets the 'insights_needs_reboot' variable to true.
# The variable can be overridden to suppress this behavior.
- name: Reboot system (if applicable)
  hosts: \\"a8799a02-8be9-11e8-9eb6-529269fb1459.example.com\\"
  become: True
  gather_facts: False
  tasks:
    - when:
        - insights_needs_reboot is defined
        - insights_needs_reboot
      block:
        - name: Reboot system
          shell: sleep 2 && shutdown -r now \\"Ansible triggered reboot\\"
          async: 1
          poll: 0
          ignore_errors: true

        - name: Wait for system to boot up
          local_action:
            module: wait_for
            host: \\"{{ hostvars[inventory_hostname]['ansible_host'] | default(hostvars[inventory_hostname]['ansible_ssh_host'], true) | default(inventory_hostname, true) }}\\"
            port: \\"{{ hostvars[inventory_hostname]['ansible_port'] | default(hostvars[inventory_hostname]['ansible_ssh_port'], true) | default('22', true) }}\\"
            delay: 15
            timeout: 300
          become: false

- name: run insights
  hosts: \\"a8799a02-8be9-11e8-9eb6-529269fb1459.example.com\\"
  become: True
  gather_facts: False
  tasks:
    - name: run insights
      command: redhat-access-insights
      changed_when: false"
`;

exports[`generates a simple playbook with single compliance remediation 1`] = `
"---
# Problem known as sshd_disable_root_login
# Identifier: (compliance:sshd_disable_root_login,fix)
# Version: unknown
- name: fix sshd_disable_root_login
  hosts: 'a8799a02-8be9-11e8-9eb6-529269fb1459.example.com'
  become: true
  tasks:
    - name: Disable SSH Root Login
      lineinfile:
        create: 'yes'
        dest: /etc/ssh/sshd_config
        regexp: ^PermitRootLogin
        line: PermitRootLogin no
        insertafter: '(?i)^#?authentication'
        validate: sshd -t -f %s

- name: run insights
  hosts: \\"a8799a02-8be9-11e8-9eb6-529269fb1459.example.com\\"
  become: True
  gather_facts: False
  tasks:
    - name: run insights
      command: redhat-access-insights
      changed_when: false"
`;
